******************************************************************************
              TMS320C55x Linker PC v4.4.1                      
******************************************************************************
>> Linked Mon Apr 02 13:19:54 2018

OUTPUT FILE NAME:   <EQ.out>
ENTRY POINT SYMBOL: "_c_int00"  address: 00028621


MEMORY CONFIGURATION

         name            origin    length      used     unused   attr    fill
                        (bytes)   (bytes)    (bytes)   (bytes)
----------------------  --------  ---------  --------  --------  ----  --------
PAGE 0:
  MMR                   00000000   000000c0  00000000  000000c0  RWIX
  DARAM0                000000c0   0000ff40  00006a50  000094f0  RWIX
  SARAM0                00010000   00010000  00000000  00010000  RWIX
  SARAM1                00020000   00020000  00008743  000178bd  RWIX
  SARAM2                00040000   0000fe00  00000396  0000fa6a  RWIX
  VECS                  0004fe00   00000200  00000200  00000000  RWIX
  PDROM                 00ff8000   00008000  00000000  00008000  R IX

PAGE 2:
  IOPORT                00000000   00020000  00000000  00020000  RWI 


SECTION ALLOCATION MAP
(Addresses surrounded by []'s are displayed for convenience only!)

output                                                          attributes/
section   page  orgn(bytes) orgn(words) len(bytes) len(words)   input sections
--------  ----  ----------- ----------- ---------- ----------   --------------
.pinit       0   [ 00040000 ]  00020000          *   00000000   UNINITIALIZED

.stack       0   [ 000000c0 ]  00000060          *   00001000   UNINITIALIZED
                 [ 000000c0 ]  00000060          *   00001000   --HOLE--

.data        0   [ 000000c0 ]  00000060          *   00000000   UNINITIALIZED

.sysstack 
*            0   [ 000020c0 ]  00001060          *   00000800   UNINITIALIZED
                 [ 000020c0 ]  00001060          *   00000800   --HOLE--

.sysmem      0   [ 000030c0 ]  00001860          *   00001000   UNINITIALIZED
                 [ 000030c0 ]  00001860          *   00001000   --HOLE--

.bss.1       0   [ 000050c0 ]  00002860          *   000009b7   UNINITIALIZED
                 [ 000050c0 ]  00002860          *   00000408   ezdsp5535_aic3204_dma.obj (.bss)
                 [ 000058d0 ]  00002c68          *   000002a6   main.obj (.bss)
                 [ 00005e1c ]  00002f0e          *   00000119   rts55x.lib : defs.obj (.bss)
                 [ 0000604e ]  00003027          *   000000d0              : trgdrv.obj (.bss)
                 [ 000061ee ]  000030f7          *   00000001              : fopen.obj (.bss)
                 [ 000061f0 ]  000030f8          *   00000084   cslVC5505.lib : csl_intc.obj (.bss)
                 [ 000062f8 ]  0000317c          *   00000071   rts55x.lib : lowlev.obj (.bss)
                 [ 000063da ]  000031ed          *   0000002a   cslVC5505.lib : csl_i2s.obj (.bss)

.bss.2       0   [ 00006430 ]  00003218          *   00000030   UNINITIALIZED
                 [ 00006430 ]  00003218          *   00000012   cslVC5505.lib : csl_i2c.obj (.bss)
                 [ 00006454 ]  0000322a          *   00000008   ezdsp5535bsl.lib : ezdsp5535_sar.obj (.bss)
                 [ 00006464 ]  00003232          *   00000006   rts55x.lib : memory.obj (.bss)
                 [ 00006470 ]  00003238          *   00000004   ezdsp5535bsl.lib : ezdsp5535_gpio.obj (.bss)
                 [ 00006478 ]  0000323c          *   00000004   rts55x.lib : _lock.obj (.bss)
                 [ 00006480 ]  00003240          *   00000004              : exit.obj (.bss)
                 [ 00006488 ]  00003244          *   00000002   aic3204.obj (.bss)
                 [ 0000648c ]  00003246          *   00000002   ezdsp5535bsl.lib : ezdsp5535_i2s.obj (.bss)

.const.1     0   [ 00006490 ]  00003248          *   00000319   
                 [ 00006490 ]  00003248          *   00000174   aic3204_init.obj (.const:.string)
                 [ 00006778 ]  000033bc          *   00000101   rts55x.lib : ctype.obj (.const:__ctypes_)
                 [ 0000697a ]  000034bd          *   00000060   print_number.obj (.const:_consolas_8ptBitmaps)
                 [ 00006a3a ]  0000351d          *   00000001   print_number.obj (.const)
                 [ 00006a3c ]  0000351e          *   00000024   rts55x.lib : _printfi.obj (.const:.string)
                 [ 00006a84 ]  00003542          *   0000001f   main.obj (.const:.string)

.const.2     0   [ 00006ac4 ]  00003562          *   00000028   
                 [ 00006ac4 ]  00003562          *   0000000c   main.obj (.const)
                 [ 00006adc ]  0000356e          *   0000000c   rts55x.lib : _printfi.obj (.const)
                 [ 00006af4 ]  0000357a          *   00000008              : divd.obj (.const:_initial_approx$1)
                 [ 00006b04 ]  00003582          *   00000004   processing.obj (.const)
                 [ 00006b0c ]  00003586          *   00000002   rts55x.lib : fputs.obj (.const:.string)
                 [ 00006b10 ]  00003588          *   00000002              : fltlid.obj (.const)

.text        0     00020000  [ 00010000 ] 00008743          *   
                   00020000  [ 00010000 ] 000015a4          *   rts55x.lib : _printfi.obj (.text)
                   000215a4  [ 00010ad2 ] 00000c3c          *   cslVC5505.lib : csl_i2c.obj (.text)
                   000221e0  [ 000110f0 ] 00000b18          *                 : csl_sar.obj (.text)
                   00022cf8  [ 0001167c ] 000009f3          *                 : csl_i2s.obj (.text)
                   000236eb  [ 00011b75+] 0000068d          *                 : csl_gpio.obj (.text)
                   00023d78  [ 00011ebc ] 000005b5          *   aic3204_init.obj (.text)
                   0002432d  [ 00012196+] 00000554          *   cslVC5505.lib : csl_intc.obj (.text)
                   00024881  [ 00012440+] 00000543          *   rts55x.lib : lowlev.obj (.text)
                   00024dc4  [ 000126e2 ] 00000528          *              : trgdrv.obj (.text)
                   000252ec  [ 00012976 ] 000004b5          *              : memory.obj (.text)
                   000257a1  [ 00012bd0+] 000003cc          *              : divd.obj (.text)
                   00025b6d  [ 00012db6+] 0000031b          *   ezdsp5535_aic3204_dma.obj (.text)
                   00025e88  [ 00012f44 ] 000002ee          *   main.obj (.text)
                   00026176  [ 000130bb ] 000002d2          *   print_number.obj (.text)
                   00026448  [ 00013224 ] 0000027f          *   rts55x.lib : fopen.obj (.text)
                   000266c7  [ 00013363+] 0000025e          *              : llmpy.obj (.text)
                   00026925  [ 00013492+] 0000025a          *              : addd.obj (.text)
                   00026b7f  [ 000135bf+] 000001ea          *              : cmpd.obj (.text)
                   00026d69  [ 000136b4+] 000001ce          *   processing.obj (.text)
                   00026f37  [ 0001379b+] 00000192          *   ezdsp5535bsl.lib : ezdsp5535_lcd.obj (.text)
                   000270c9  [ 00013864+] 0000017a          *                    : ezdsp5535_sar.obj (.text)
                   00027243  [ 00013921+] 00000163          *   rts55x.lib : fputs.obj (.text)
                   000273a6  [ 000139d3 ] 0000014c          *              : mpyd.obj (.text)
                   000274f2  [ 00013a79 ] 00000120          *   iir.obj (.text)
                   00027612  [ 00013b09 ] 00000107          *   ezdsp5535bsl.lib : ezdsp5535_i2s.obj (.text)
                   00027719  [ 00013b8c+] 000000e6          *   rts55x.lib : setvbuf.obj (.text)
                   000277ff  [ 00013bff+] 000000dd          *              : _io_perm.obj (.text)
                   000278dc  [ 00013c6e ] 000000cc          *   ezdsp5535_aic3204_dma.obj (.text:retain)
                   000279a8  [ 00013cd4 ] 000000c3          *   aic3204.obj (.text)
                   00027a6b  [ 00013d35+] 000000c2          *   rts55x.lib : fflush.obj (.text)
                   00027b2d  [ 00013d96+] 000000ba          *              : trgmsg.obj (.text:CIO_breakpoint)
                   00027be7  [ 00013df3+] 000000a6          *              : fputc.obj (.text)
                   00027c8d  [ 00013e46+] 000000a1          *              : divul.obj (.text)
                   00027d2e  [ 00013e97 ] 0000008e          *   ezdsp5535bsl.lib : ezdsp5535_i2c.obj (.text)
                   00027dbc  [ 00013ede ] 0000008c          *   cslVC5505.lib : csl_irqplug.obj (.text)
                   00027e48  [ 00013f24 ] 00000087          *   ezdsp5535bsl.lib : ezdsp5535_gpio.obj (.text)
                   00027ecf  [ 00013f67+] 0000007d          *   rts55x.lib : ltoa.obj (.text)
                   00027f4c  [ 00013fa6 ] 0000007b          *              : fclose.obj (.text)
                   00027fc7  [ 00013fe3+] 00000076          *              : frcmpyd.obj (.text)
                   0002803d  [ 0001401e+] 00000073          *              : frcmpyd_div.obj (.text)
                   000280b0  [ 00014058 ] 00000072          *              : remul.obj (.text)
                   00028122  [ 00014091 ] 0000006f          *              : fixdli.obj (.text)
                   00028191  [ 000140c8+] 0000006d          *   cslVC5505.lib : vectors.obj (.text)
                   000281fe  [ 000140ff ] 0000006d          *   rts55x.lib : trgmsg.obj (.text)
                   0002826b  [ 00014135+] 0000006b          *              : fseek.obj (.text)
                   000282d6  [ 0001416b ] 00000067          *              : fltlid.obj (.text)
                   0002833d  [ 0001419e+] 0000005c          *              : atoi.obj (.text)
                   00028399  [ 000141cc+] 00000054          *   ezdsp5535bsl.lib : ezdsp5535.obj (.text)
                   000283ed  [ 000141f6+] 00000050          *   rts55x.lib : printf.obj (.text)
                   0002843d  [ 0001421e+] 0000004d          *              : autoinit.obj (.text)
                   0002848a  [ 00014245 ] 0000004b          *              : args_main.obj (.text)
                   000284d5  [ 0001426a+] 0000004b          *              : remli.obj (.text)
                   00028520  [ 00014290 ] 00000048          *              : divli.obj (.text)
                   00028568  [ 000142b4 ] 0000003f          *              : memcpy.obj (.text)
                   000285a7  [ 000142d3+] 0000003e          *              : exit.obj (.text)
                   000285e5  [ 000142f2+] 0000003c          *              : idiv.obj (.text)
                   00028621  [ 00014310+] 00000034          *              : boot.obj (.text)
                   00028655  [ 0001432a+] 0000002a          *              : fixdi.obj (.text)
                   0002867f  [ 0001433f+] 0000002a          *              : udiv.obj (.text)
                   000286a9  [ 00014354+] 00000023          *              : memccpy.obj (.text)
                   000286cc  [ 00014366 ] 0000001a          *              : isinf.obj (.text)
                   000286e6  [ 00014373 ] 00000014          *              : subd.obj (.text)
                   000286fa  [ 0001437d ] 00000013          *              : lmpy.obj (.text)
                   0002870d  [ 00014386+] 00000012          *              : _lock.obj (.text)
                   0002871f  [ 0001438f+] 00000010          *              : negd.obj (.text)
                   0002872f  [ 00014397+] 0000000a          *              : remove.obj (.text)
                   00028739  [ 0001439c+] 00000007          *              : exit.obj (.text:CIO_breakpoint)
                   00028740  [ 000143a0 ] 00000002          *              : vectors.obj (.text)
                   00028742  [ 000143a1 ] 00000001          *   --HOLE-- [fill = 20]

.cio         0   [ 00040000 ]  00020000          *   00000120   UNINITIALIZED
                 [ 00040000 ]  00020000          *   00000120   rts55x.lib : trgmsg.obj (.cio)

.cinit       0   [ 00040240 ]  00020120          *   00000097   
                 [ 00040240 ]  00020120          *   0000002d   rts55x.lib : lowlev.obj (.cinit)
                 [ 0004029a ]  0002014d          *   0000002a              : defs.obj (.cinit)
                 [ 000402ee ]  00020177          *   0000000f   main.obj (.cinit)
                 [ 0004030c ]  00020186          *   0000000c   ezdsp5535bsl.lib : ezdsp5535_sar.obj (.cinit)
                 [ 00040324 ]  00020192          *   0000000a   rts55x.lib : _lock.obj (.cinit)
                 [ 00040338 ]  0002019c          *   0000000a              : exit.obj (.cinit)
                 [ 0004034c ]  000201a6          *   00000008   cslVC5505.lib : csl_i2s.obj (.cinit)
                 [ 0004035c ]  000201ae          *   00000004   rts55x.lib : fopen.obj (.cinit)
                 [ 00040364 ]  000201b2          *   00000004              : memory.obj (.cinit)
                 [ 0004036c ]  000201b6          *   00000001   --HOLE-- [fill = 0]

.switch      0   [ 00040370 ]  000201b8          *   00000014   
                 [ 00040370 ]  000201b8          *   00000014   print_number.obj (.switch:_printChar)

vectors      0     0004fe00  [ 00027f00 ] 00000200          *   
                   0004fe00  [ 00027f00 ] 00000100          *   cslVC5505.lib : vectors.obj (vectors)
                   0004ff00  [ 00027f80 ] 00000100          *   rts55x.lib : vectors.obj (vectors)


GLOBAL SYMBOLS: SORTED ALPHABETICALLY BY Name 

abs. value/
byte addr   word addr   name
---------   ---------   ----
00000002                $TI_capability$C5500$CallingConvention
00000002                $TI_capability$C5500$MemoryModel
00000001                $TI_capability_requires_rev3
ffffffff                .bss
ffffffff                .data
ffffffff                .text
0002873a                C$$EXIT
00027be2                C$$IO$$
000285e5                I$$DIV
000286fa                I$$LMPY
00028604                I$$MOD
0002867f                I$$UDIV
00028694                I$$UMOD
0004fe00                RST
000279a8                _AIC3204_rget
000279f3                _AIC3204_rset
            00002868    _DMA_InputL
            00002968    _DMA_InputR
            00002a68    _DMA_OutputL
            00002b68    _DMA_OutputR
00027eb1                _EZDSP5535_GPIO_getInput
00027e48                _EZDSP5535_GPIO_init
00027e73                _EZDSP5535_GPIO_setDirection
00027e97                _EZDSP5535_GPIO_setOutput
00027d2e                _EZDSP5535_I2C_init
00027d94                _EZDSP5535_I2C_read
00027d63                _EZDSP5535_I2C_reset
00027d6e                _EZDSP5535_I2C_write
00027707                _EZDSP5535_I2S_close
00027612                _EZDSP5535_I2S_init
0002766b                _EZDSP5535_I2S_readLeft
000276ca                _EZDSP5535_I2S_readRight
0002769d                _EZDSP5535_I2S_writeLeft
000276eb                _EZDSP5535_I2S_writeRight
00026faa                _EZDSP5535_OSD9616_init
00026f5f                _EZDSP5535_OSD9616_multiSend
0002708c                _EZDSP5535_OSD9616_printLetter
00026f37                _EZDSP5535_OSD9616_send
0002718f                _EZDSP5535_SAR_getKey
000270c9                _EZDSP5535_SAR_init
000283df                _EZDSP5535_init
00028399                _EZDSP5535_wait
000283cd                _EZDSP5535_waitusec
00023bd6                _GPIO_clearInt
0002372f                _GPIO_close
00023753                _GPIO_config
00023986                _GPIO_configBit
00023ace                _GPIO_disableInt
00023b4c                _GPIO_enableInt
000237d8                _GPIO_getConfig
000236eb                _GPIO_open
00023860                _GPIO_read
00023ce9                _GPIO_reset
00023c62                _GPIO_statusBit
000238e3                _GPIO_write
            00003238    _GpioObj
0002528e                _HOSTclock
00025223                _HOSTclose
0002516e                _HOSTlseek
000250cf                _HOSTopen
00025042                _HOSTread
00024f94                _HOSTrename
00024f36                _HOSTtime
00024ecc                _HOSTunlink
00024e3f                _HOSTwrite
0002164d                _I2C_config
00022018                _I2C_eventDisable
00021ee4                _I2C_eventEnable
000217b2                _I2C_getConfig
000221c4                _I2C_getEventId
000215a4                _I2C_init
00021cc6                _I2C_read
00022137                _I2C_setCallback
00021888                _I2C_setup
00021a82                _I2C_write
0002312d                _I2S_close
00022cf8                _I2S_open
000231df                _I2S_read
000235ef                _I2S_reset
00022e3f                _I2S_setup
000236a0                _I2S_transEnable
00023499                _I2S_write
000243c7                _IRQ_clear
00024431                _IRQ_clearAll
00024441                _IRQ_config
00024567                _IRQ_disable
000245e5                _IRQ_disableAll
000245f3                _IRQ_enable
000246ed                _IRQ_getArg
000244d4                _IRQ_getConfig
0002483b                _IRQ_globalDisable
00024854                _IRQ_globalEnable
0002486d                _IRQ_globalRestore
0002432d                _IRQ_init
00024766                _IRQ_map
00027dbc                _IRQ_plug
0002467d                _IRQ_restore
00024733                _IRQ_setArg
00024798                _IRQ_setVecs
000247c9                _IRQ_test
0004ff00                _Reset
00022763                _SAR_A2DMeasParamSet
00022bdd                _SAR_GPODirSet
000222da                _SAR_chanClose
0002235e                _SAR_chanConfig
0002265a                _SAR_chanCycSet
0002225d                _SAR_chanInit
00022278                _SAR_chanOpen
00022446                _SAR_chanSetup
0002223d                _SAR_deInit
000223d4                _SAR_getConfig
00022cb9                _SAR_getStatus
000221e0                _SAR_init
00022722                _SAR_readData
000226a9                _SAR_startConversion
000226db                _SAR_stopConversion
            0000322e    _SarHandle
            0000322a    _SarObj
0004fe00                _VECSTART
            00020000    __CIOBUF_
000242d4                __I2S_init
            00001060    __STACK_END
00002000                __STACK_SIZE
00002000                __SYSMEM_SIZE
00001000                __SYSSTACK_SIZE
00000001                __TI_args_main
ffffffff                ___binit__
ffffffff                ___bss__
ffffffff                ___c_args__
            00020120    ___cinit__
ffffffff                ___data__
ffffffff                ___edata__
ffffffff                ___end__
ffffffff                ___etext__
000286cc                ___isinf
ffffffff                ___pinit__
ffffffff                ___text__
00026925                __addd
0002848a                __args_main
00026569                __cleanup
            00003240    __cleanup_ptr
00026d11                __cmpd
            000033bc    __ctypes_
000257a1                __divd
000285e5                __divi
00028520                __divli
000268f0                __divlli
0002867f                __divu
00027c8d                __divul
000267fc                __divull
00027a6b                __doflush
            00003242    __dtors_ptr
00026cdd                __eqld
00028655                __fixdi
00028122                __fixdli
000282d6                __fltlid
00027fc7                __frcmpyd
0002803d                __frcmpyd_div
            00003026    __ft_end
            00002f0e    __ftable
00026c93                __geqd
00026c48                __gtrd
00026bfb                __leqd
            0000323c    __lock
00026bb3                __lssd
000273a6                __mpyd
000286fa                __mpyli
00026744                __mpylli
0002871f                __negd
00026b7f                __neqd
0002871d                __nop
00021362                __printfi
0002787f                __rd_ok
00028715                __register_lock
0002870d                __register_unlock
00028604                __remi
000284d5                __remli
00026715                __remlli
00028694                __remu
000280b0                __remul
000266c7                __remull
            00000060    __stack
000286e6                __subd
            00001860    __sys_memory
            00001060    __sysstack
            00002f86    __tmpnams
            0000323e    __unlock
000277ff                __wrt_ok
00028739                _abort
00024cd4                _add_device
00027a40                _aic3204_codec_read
00027a57                _aic3204_codec_write
00027a2f                _aic3204_disable
00025b6d                _aic3204_dma_init
00027a1d                _aic3204_hardware_init
00023d78                _aic3204_init
00025cf8                _aic3204_read_block
00025dad                _aic3204_write_block
0002833d                _atoi
0002843d                _auto_init
00028621                _c_int00
00026db0                _calculatePeekCoeff
00026d69                _calculateShelvingCoeff
0002577b                _calloc
00025773                _chkheap
00026214                _clearLCD
00024c61                _close
            000034bd    _consolas_8ptBitmaps
            00003244    _counter1
            00003245    _counter2
            00002d88    _dirak
000285a7                _exit
00027f4c                _fclose
00027ad4                _fflush
00024c58                _find_registered_device
000274f2                _first_order_IIR
0002668c                _fopen
00027be7                _fputc
00027243                _fputs
000252ec                _free
0002571d                _free_memory
000265c3                _freopen
            00003215    _fsError
0002826b                _fseek
            00003218    _gI2cObj
00026151                _getSwitch
00024dc4                _getenv
            0000323a    _hGpio
            00003246    _hI2s
            00003228    _i2cHandle
            00002e8c    _ind
00026176                _initPrintNumber
            00003230    _keyCnt1
            00003231    _keyCnt2
00024bf2                _lseek
00027ecf                _ltoa
00025e88                _main
0002541d                _malloc
000256c3                _max_free
000286a9                _memccpy
00028568                _memcpy
000253b8                _minit
00024b33                _open
            00003216    _ouError
            00002e08    _output
            0000322d    _preKey
000262e2                _printChar
000283ed                _printf
00027be7                _putc
00027c7e                _putchar
00027378                _puts
00024a85                _read
000281fe                _readmsg
00025512                _realloc
0002872f                _remove
00024a4f                _remove_device
000249f6                _rename
            00002e8d    _result
            00002c68    _sampleBufferL
            00002ce8    _sampleBufferR
00027559                _second_order_IIR
000262c0                _setWritePointerToFirstChar
00023f69                _set_sampling_frequency_and_gain
00027719                _setvbuf
00026e64                _shelvingHP
            00002d6c    _shelvingHPCoeff
            00002d86    _shelvingHPXHistory
            00002d87    _shelvingHPYHistory
00026eab                _shelvingLP
            00002d68    _shelvingLPCoeff
            00002d7c    _shelvingLPXHistory
            00002d7d    _shelvingLPYHistory
00026ef2                _shelvingPeek
            00002d7e    _shelvingPeek1XHistory
            00002d80    _shelvingPeek1YHistory
            00002d82    _shelvingPeek2XHistory
            00002d84    _shelvingPeek2YHistory
            00002d70    _shelvingPeekCoeff1
            00002d76    _shelvingPeekCoeff2
            0000351d    _sign_width
000249c3                _unlink
00024881                _write
00027b2d                _writemsg
ffffffff                binit
            00020120    cinit
ffffffff                edata
ffffffff                end
ffffffff                etext
ffffffff                pinit


GLOBAL SYMBOLS: SORTED BY Symbol Address 

abs. value/
byte addr   word addr   name
---------   ---------   ----
00000001                $TI_capability_requires_rev3
00000001                __TI_args_main
00000002                $TI_capability$C5500$CallingConvention
00000002                $TI_capability$C5500$MemoryModel
            00000060    __stack
00001000                __SYSSTACK_SIZE
00002000                __STACK_SIZE
00002000                __SYSMEM_SIZE
            00001060    __STACK_END
            00001060    __sysstack
            00001860    __sys_memory
            00002868    _DMA_InputL
            00002968    _DMA_InputR
            00002a68    _DMA_OutputL
            00002b68    _DMA_OutputR
            00002c68    _sampleBufferL
            00002ce8    _sampleBufferR
            00002d68    _shelvingLPCoeff
            00002d6c    _shelvingHPCoeff
            00002d70    _shelvingPeekCoeff1
            00002d76    _shelvingPeekCoeff2
            00002d7c    _shelvingLPXHistory
            00002d7d    _shelvingLPYHistory
            00002d7e    _shelvingPeek1XHistory
            00002d80    _shelvingPeek1YHistory
            00002d82    _shelvingPeek2XHistory
            00002d84    _shelvingPeek2YHistory
            00002d86    _shelvingHPXHistory
            00002d87    _shelvingHPYHistory
            00002d88    _dirak
            00002e08    _output
            00002e8c    _ind
            00002e8d    _result
            00002f0e    __ftable
            00002f86    __tmpnams
            00003026    __ft_end
            00003215    _fsError
            00003216    _ouError
            00003218    _gI2cObj
            00003228    _i2cHandle
            0000322a    _SarObj
            0000322d    _preKey
            0000322e    _SarHandle
            00003230    _keyCnt1
            00003231    _keyCnt2
            00003238    _GpioObj
            0000323a    _hGpio
            0000323c    __lock
            0000323e    __unlock
            00003240    __cleanup_ptr
            00003242    __dtors_ptr
            00003244    _counter1
            00003245    _counter2
            00003246    _hI2s
            000033bc    __ctypes_
            000034bd    _consolas_8ptBitmaps
            0000351d    _sign_width
00021362                __printfi
000215a4                _I2C_init
0002164d                _I2C_config
000217b2                _I2C_getConfig
00021888                _I2C_setup
00021a82                _I2C_write
00021cc6                _I2C_read
00021ee4                _I2C_eventEnable
00022018                _I2C_eventDisable
00022137                _I2C_setCallback
000221c4                _I2C_getEventId
000221e0                _SAR_init
0002223d                _SAR_deInit
0002225d                _SAR_chanInit
00022278                _SAR_chanOpen
000222da                _SAR_chanClose
0002235e                _SAR_chanConfig
000223d4                _SAR_getConfig
00022446                _SAR_chanSetup
0002265a                _SAR_chanCycSet
000226a9                _SAR_startConversion
000226db                _SAR_stopConversion
00022722                _SAR_readData
00022763                _SAR_A2DMeasParamSet
00022bdd                _SAR_GPODirSet
00022cb9                _SAR_getStatus
00022cf8                _I2S_open
00022e3f                _I2S_setup
0002312d                _I2S_close
000231df                _I2S_read
00023499                _I2S_write
000235ef                _I2S_reset
000236a0                _I2S_transEnable
000236eb                _GPIO_open
0002372f                _GPIO_close
00023753                _GPIO_config
000237d8                _GPIO_getConfig
00023860                _GPIO_read
000238e3                _GPIO_write
00023986                _GPIO_configBit
00023ace                _GPIO_disableInt
00023b4c                _GPIO_enableInt
00023bd6                _GPIO_clearInt
00023c62                _GPIO_statusBit
00023ce9                _GPIO_reset
00023d78                _aic3204_init
00023f69                _set_sampling_frequency_and_gain
000242d4                __I2S_init
0002432d                _IRQ_init
000243c7                _IRQ_clear
00024431                _IRQ_clearAll
00024441                _IRQ_config
000244d4                _IRQ_getConfig
00024567                _IRQ_disable
000245e5                _IRQ_disableAll
000245f3                _IRQ_enable
0002467d                _IRQ_restore
000246ed                _IRQ_getArg
00024733                _IRQ_setArg
00024766                _IRQ_map
00024798                _IRQ_setVecs
000247c9                _IRQ_test
0002483b                _IRQ_globalDisable
00024854                _IRQ_globalEnable
0002486d                _IRQ_globalRestore
00024881                _write
000249c3                _unlink
000249f6                _rename
00024a4f                _remove_device
00024a85                _read
00024b33                _open
00024bf2                _lseek
00024c58                _find_registered_device
00024c61                _close
00024cd4                _add_device
00024dc4                _getenv
00024e3f                _HOSTwrite
00024ecc                _HOSTunlink
00024f36                _HOSTtime
00024f94                _HOSTrename
00025042                _HOSTread
000250cf                _HOSTopen
0002516e                _HOSTlseek
00025223                _HOSTclose
0002528e                _HOSTclock
000252ec                _free
000253b8                _minit
0002541d                _malloc
00025512                _realloc
000256c3                _max_free
0002571d                _free_memory
00025773                _chkheap
0002577b                _calloc
000257a1                __divd
00025b6d                _aic3204_dma_init
00025cf8                _aic3204_read_block
00025dad                _aic3204_write_block
00025e88                _main
00026151                _getSwitch
00026176                _initPrintNumber
00026214                _clearLCD
000262c0                _setWritePointerToFirstChar
000262e2                _printChar
00026569                __cleanup
000265c3                _freopen
0002668c                _fopen
000266c7                __remull
00026715                __remlli
00026744                __mpylli
000267fc                __divull
000268f0                __divlli
00026925                __addd
00026b7f                __neqd
00026bb3                __lssd
00026bfb                __leqd
00026c48                __gtrd
00026c93                __geqd
00026cdd                __eqld
00026d11                __cmpd
00026d69                _calculateShelvingCoeff
00026db0                _calculatePeekCoeff
00026e64                _shelvingHP
00026eab                _shelvingLP
00026ef2                _shelvingPeek
00026f37                _EZDSP5535_OSD9616_send
00026f5f                _EZDSP5535_OSD9616_multiSend
00026faa                _EZDSP5535_OSD9616_init
0002708c                _EZDSP5535_OSD9616_printLetter
000270c9                _EZDSP5535_SAR_init
0002718f                _EZDSP5535_SAR_getKey
00027243                _fputs
00027378                _puts
000273a6                __mpyd
000274f2                _first_order_IIR
00027559                _second_order_IIR
00027612                _EZDSP5535_I2S_init
0002766b                _EZDSP5535_I2S_readLeft
0002769d                _EZDSP5535_I2S_writeLeft
000276ca                _EZDSP5535_I2S_readRight
000276eb                _EZDSP5535_I2S_writeRight
00027707                _EZDSP5535_I2S_close
00027719                _setvbuf
000277ff                __wrt_ok
0002787f                __rd_ok
000279a8                _AIC3204_rget
000279f3                _AIC3204_rset
00027a1d                _aic3204_hardware_init
00027a2f                _aic3204_disable
00027a40                _aic3204_codec_read
00027a57                _aic3204_codec_write
00027a6b                __doflush
00027ad4                _fflush
00027b2d                _writemsg
00027be2                C$$IO$$
00027be7                _fputc
00027be7                _putc
00027c7e                _putchar
00027c8d                __divul
00027d2e                _EZDSP5535_I2C_init
00027d63                _EZDSP5535_I2C_reset
00027d6e                _EZDSP5535_I2C_write
00027d94                _EZDSP5535_I2C_read
00027dbc                _IRQ_plug
00027e48                _EZDSP5535_GPIO_init
00027e73                _EZDSP5535_GPIO_setDirection
00027e97                _EZDSP5535_GPIO_setOutput
00027eb1                _EZDSP5535_GPIO_getInput
00027ecf                _ltoa
00027f4c                _fclose
00027fc7                __frcmpyd
0002803d                __frcmpyd_div
000280b0                __remul
00028122                __fixdli
000281fe                _readmsg
0002826b                _fseek
000282d6                __fltlid
0002833d                _atoi
00028399                _EZDSP5535_wait
000283cd                _EZDSP5535_waitusec
000283df                _EZDSP5535_init
000283ed                _printf
0002843d                _auto_init
0002848a                __args_main
000284d5                __remli
00028520                __divli
00028568                _memcpy
000285a7                _exit
000285e5                I$$DIV
000285e5                __divi
00028604                I$$MOD
00028604                __remi
00028621                _c_int00
00028655                __fixdi
0002867f                I$$UDIV
0002867f                __divu
00028694                I$$UMOD
00028694                __remu
000286a9                _memccpy
000286cc                ___isinf
000286e6                __subd
000286fa                I$$LMPY
000286fa                __mpyli
0002870d                __register_unlock
00028715                __register_lock
0002871d                __nop
0002871f                __negd
0002872f                _remove
00028739                _abort
0002873a                C$$EXIT
            00020000    __CIOBUF_
            00020120    ___cinit__
            00020120    cinit
0004fe00                RST
0004fe00                _VECSTART
0004ff00                _Reset
ffffffff                .bss
ffffffff                .data
ffffffff                .text
ffffffff                ___binit__
ffffffff                ___bss__
ffffffff                ___c_args__
ffffffff                ___data__
ffffffff                ___edata__
ffffffff                ___end__
ffffffff                ___etext__
ffffffff                ___pinit__
ffffffff                ___text__
ffffffff                binit
ffffffff                edata
ffffffff                end
ffffffff                etext
ffffffff                pinit

[289 symbols]
